[debug] [2026-07-25T16:27:54.531Z] ----------------------------------------------------------------------
[debug] [2026-07-25T16:27:54.533Z] Command:       C:\Program Files\nodejs\node.exe C:\Users\PURJEET\AppData\Roaming\npm\node_modules\firebase-tools\lib\bin\firebase.js init
[debug] [2026-07-25T16:27:54.533Z] CLI Version:   15.24.0
[debug] [2026-07-25T16:27:54.534Z] Platform:      win32
[debug] [2026-07-25T16:27:54.534Z] Node Version:  v22.19.0
[debug] [2026-07-25T16:27:54.534Z] Detected Agent: unknown
[debug] [2026-07-25T16:27:54.534Z] Time:          Sat Jul 25 2026 21:57:54 GMT+0530 (India Standard Time)
[debug] [2026-07-25T16:27:54.534Z] ----------------------------------------------------------------------
[debug] 
[debug] [2026-07-25T16:27:54.543Z] >>> [apiv2][query] GET https://firebase-public.firebaseio.com/cli.json [none]
[info] 
     ######## #### ########  ######## ########     ###     ######  ########
     ##        ##  ##     ## ##       ##     ##  ##   ##  ##       ##
     ######    ##  ########  ######   ########  #########  ######  ######
     ##        ##  ##    ##  ##       ##     ## ##     ##       ## ##
     ##       #### ##     ## ######## ########  ##     ##  ######  ########

You're about to initialize a Firebase project in this directory:

  E:\KALKI

[debug] [2026-07-25T16:27:58.525Z] <<< [apiv2][status] GET https://firebase-public.firebaseio.com/cli.json 200
[debug] [2026-07-25T16:27:58.526Z] <<< [apiv2][body] GET https://firebase-public.firebaseio.com/cli.json {"cloudBuildErrorAfter":1594252800000,"cloudBuildWarnAfter":1590019200000,"defaultNode10After":1594252800000,"minVersion":"3.0.5","node8DeploysDisabledAfter":1613390400000,"node8RuntimeDisabledAfter":1615809600000,"node8WarnAfter":1600128000000}
